cargo :     Finished 
`test` profile 
[unoptimized + 
debuginfo] target(s) 
in 1.31s
At line:1 char:1
+ cargo test --package 
mofa-foundation --lib w
orkflow::executor::test
s  ...
+ ~~~~~~~~~~~~~~~~~~~~~
~~~~~~~~~~~~~~~~~~~~~~~
~~~~~~~~~~~~~~~~~~~~~~~
~~
    + CategoryInfo     
         : NotSpecifi  
  ed: (    Finished    
 `t...get(s) in 1.3    
1s:String) [], Rem    
oteException
    + FullyQualifiedEr 
   rorId : NativeComm  
  andError
 
     Running unittests 
src\lib.rs (target\debu
g\deps\mofa_foundation-
27c289aba4b7ab70.exe)

running 7 tests
test workflow::executor::tests::test_checkpoint_resume ... FAILED
test workflow::executor::tests::test_simple_workflow_execution ... ok
test workflow::executor::tests::test_conditional_workflow ... ok
test workflow::executor::tests::test_parallel_output ... ok
test workflow::executor::tests::test_parallel_branch_input_isolation ... FAILED
test workflow::executor::tests::test_sub_workflow_output ... ok
test workflow::executor::tests::test_parallel_branches_execute_concurrently ... ok

failures:

---- workflow::executor::tests::test_checkpoint_resume stdout ----

thread 'workflow::executor::tests::test_checkpoint_resume' (2156) panicked at crates\mofa-foundation\src\workflow\executor.rs:1267:9:
assertion `left == right` failed: Step2 should be executed
  left: 0
 right: 1
note: run with `RUST_BACKTRACE=1` environment variable to display a backtrace

---- workflow::executor::tests::test_parallel_branch_input_isolation stdout ----

thread 'workflow::executor::tests::test_parallel_branch_input_isolation' (22124) panicked at crates\mofa-foundation\src\workflow\executor.rs:1493:49:
branch_b output must be map


failures:
    workflow::executor::tests::test_checkpoint_resume
    workflow::executor::tests::test_parallel_branch_input_isolation

test result: FAILED. 5 passed; 2 failed; 0 ignored; 0 measured; 419 filtered out; finished in 0.31s

error: test failed, to 
rerun pass `-p 
mofa-foundation --lib`
